{
    "token":"547ff684-001d-44e2-af9b-8527f462f067",
    "exit_code":0,
    "stderr":"",
    "stdout":"{outputPath=validations.json, locale=fi, exercisePath=.}\n2017-08-07 12:18:02 [main] INFO  ProjectType:48 - Finding plugin for .\n2017-08-07 12:18:03 [main] INFO  ProjectType:51 - Detected project as apache-ant\n2017-08-07 12:18:03 [main] INFO  TMCCheckstyleConfiguration:56 - Configuration file not found, searching for custom default configuration.\n2017-08-07 12:18:03 [main] INFO  TMCCheckstyleConfiguration:66 - Custom configuration not found, using default configuration.\nCodestyle report can be found at validations.json\n",
    "status":"FINISHED",
    "test_output":
        {
            "status":"COMPILE_FAILED",
            "testResults":[],
            "logs":{
                "stdout":[10,45,112,114,101,45,105,110,105,116,58,10,10,45,105,110,105,116,45,112,114,105,118,97,116,101,58,10,10,45,105,110,105,116,45,117,115,101,114,58,10,10,45,105,110,105,116,45,112,114,111,106,101,99,116,58,10,10,45,105,110,105,116,45,109,97,99,114,111,100,101,102,45,112,114,111,112,101,114,116,121,58,10,10,45,100,111,45,105,110,105,116,58,10,10,45,112,111,115,116,45,105,110,105,116,58,10,10,45,105,110,105,116,45,99,104,101,99,107,58,10,10,45,105,110,105,116,45,97,112,45,99,109,100,108,105,110,101,45,112,114,111,112,101,114,116,105,101,115,58,10,10,45,105,110,105,116,45,109,97,99,114,111,100,101,102,45,106,97,118,97,99,45,119,105,116,104,45,112,114,111,99,101,115,115,111,114,115,58,10,10,45,105,110,105,116,45,109,97,99,114,111,100,101,102,45,106,97,118,97,99,45,119,105,116,104,111,117,116,45,112,114,111,99,101,115,115,111,114,115,58,10,10,45,105,110,105,116,45,109,97,99,114,111,100,101,102,45,106,97,118,97,99,58,10,10,45,105,110,105,116,45,109,97,99,114,111,100,101,102,45,106,117,110,105,116,58,10,10,45,105,110,105,116,45,100,101,98,117,103,45,97,114,103,115,58,10,10,45,105,110,105,116,45,109,97,99,114,111,100,101,102,45,110,98,106,112,100,97,58,10,10,45,105,110,105,116,45,109,97,99,114,111,100,101,102,45,100,101,98,117,103,58,10,10,45,105,110,105,116,45,109,97,99,114,111,100,101,102,45,106,97,118,97,58,10,10,45,105,110,105,116,45,112,114,101,115,101,116,100,101,102,45,106,97,114,58,10,10,45,105,110,105,116,45,97,112,45,99,109,100,108,105,110,101,45,115,117,112,112,111,114,116,101,100,58,10,10,45,105,110,105,116,45,97,112,45,99,109,100,108,105,110,101,58,10,10,105,110,105,116,58,10,10,45,100,101,112,115,45,106,97,114,45,105,110,105,116,58,10,10,100,101,112,115,45,106,97,114,58,10,32,32,32,32,91,109,107,100,105,114,93,32,67,114,101,97,116,101,100,32,100,105,114,58,32,47,116,109,99,47,98,117,105,108,100,10,10,45,119,97,114,110,45,97,108,114,101,97,100,121,45,98,117,105,108,116,45,106,97,114,58,10,91,112,114,111,112,101,114,116,121,102,105,108,101,93,32,85,112,100,97,116,105,110,103,32,112,114,111,112,101,114,116,121,32,102,105,108,101,58,32,47,116,109,99,47,98,117,105,108,100,47,98,117,105,108,116,45,106,97,114,46,112,114,111,112,101,114,116,105,101,115,10,10,45,99,104,101,99,107,45,97,117,116,111,109,97,116,105,99,45,98,117,105,108,100,58,10,10,45,99,108,101,97,110,45,97,102,116,101,114,45,97,117,116,111,109,97,116,105,99,45,98,117,105,108,100,58,10,10,45,118,101,114,105,102,121,45,97,117,116,111,109,97,116,105,99,45,98,117,105,108,100,58,10,10,45,112,114,101,45,112,114,101,45,99,111,109,112,105,108,101,58,10,32,32,32,32,91,109,107,100,105,114,93,32,67,114,101,97,116,101,100,32,100,105,114,58,32,47,116,109,99,47,98,117,105,108,100,47,99,108,97,115,115,101,115,10,10,45,112,114,101,45,99,111,109,112,105,108,101,58,10,10,45,99,111,112,121,45,112,101,114,115,105,115,116,101,110,99,101,45,120,109,108,58,10,10,45,99,111,109,112,105,108,101,45,100,101,112,101,110,100,58,10,10,45,100,111,45,99,111,109,112,105,108,101,58,10,32,32,32,32,91,109,107,100,105,114,93,32,67,114,101,97,116,101,100,32,100,105,114,58,32,47,116,109,99,47,98,117,105,108,100,47,101,109,112,116,121,10,32,32,32,32,91,109,107,100,105,114,93,32,67,114,101,97,116,101,100,32,100,105,114,58,32,47,116,109,99,47,98,117,105,108,100,47,103,101,110,101,114,97,116,101,100,45,115,111,117,114,99,101,115,47,97,112,45,115,111,117,114,99,101,45,111,117,116,112,117,116,10,32,32,32,32,91,106,97,118,97,99,93,32,67,111,109,112,105,108,105,110,103,32,50,32,115,111,117,114,99,101,32,102,105,108,101,115,32,116,111,32,47,116,109,99,47,98,117,105,108,100,47,99,108,97,115,115,101,115,10,32,32,32,32,91,106,97,118,97,99,93,32,47,116,109,99,47,115,114,99,47,67,97,108,99,117,108,97,116,111,114,46,106,97,118,97,58,49,58,32,101,114,114,111,114,58,32,114,101,97,99,104,101,100,32,101,110,100,32,111,102,32,102,105,108,101,32,119,104,105,108,101,32,112,97,114,115,105,110,103,10,32,32,32,32,91,106,97,118,97,99,93,32,112,117,98,108,105,99,32,99,108,97,115,115,32,67,97,108,99,117,108,97,116,111,114,32,123,10,32,32,32,32,91,106,97,118,97,99,93,32,32,32,32,32,32,32,32,32,32,32,32,32,32,32,32,32,32,32,32,32,32,32,32,32,32,94,10,32,32,32,32,91,106,97,118,97,99,93,32,49,32,101,114,114,111,114,10],
                "stderr":[10,66,85,73,76,68,32,70,65,73,76,69,68,10,47,116,109,99,47,110,98,112,114,111,106,101,99,116,47,98,117,105,108,100,45,105,109,112,108,46,120,109,108,58,54,48,51,58,32,84,104,101,32,102,111,108,108,111,119,105,110,103,32,101,114,114,111,114,32,111,99,99,117,114,114,101,100,32,119,104,105,108,101,32,101,120,101,99,117,116,105,110,103,32,116,104,105,115,32,108,105,110,101,58,10,47,116,109,99,47,110,98,112,114,111,106,101,99,116,47,98,117,105,108,100,45,105,109,112,108,46,120,109,108,58,50,52,53,58,32,67,111,109,112,105,108,101,32,102,97,105,108,101,100,59,32,115,101,101,32,116,104,101,32,99,111,109,112,105,108,101,114,32,101,114,114,111,114,32,111,117,116,112,117,116,32,102,111,114,32,100,101,116,97,105,108,115,46,10,10,84,111,116,97,108,32,116,105,109,101,58,32,55,32,115,101,99,111,110,100,115,10]
            }
        },
    "validations":"{    \"strategy\":\"DISABLED\",    \"validationErrors\":{}}",
    "vm_log":"[0.600276] Checking that ptrace can change system call numbers...Core dump limits :\n[0.600343] \tsoft - 0\n[0.600348] \thard - NONE\n[0.600541] OK\n[0.600731] Checking syscall emulation patch for ptrace...OK\n[0.601196] Checking advanced syscall emulation patch for ptrace...OK\n[0.601236] Checking environment variables for a tempdir...none found\n[0.601243] Checking if /dev/shm is on tmpfs...OK\n[0.601246] Checking PROT_EXEC mmap in /dev/shm...OK\n[0.602497] Adding 5652480 bytes to physical memory to account for exec-shield gap\n[0.664899] Linux version 4.7.10 (root@pingis) (gcc version 5.4.0 20160609 (Ubuntu 5.4.0-6ubuntu1~16.04.4) ) #1 Thu Jul 20 08:32:38 CEST 2017\n[0.664930] Built 1 zonelists in Zone order, mobility grouping on.  Total pages: 66001\n[0.664935] Kernel command line: initrd=/home/tmc-sandbox/tmc-sandbox/uml/output/initrd.img mem=256M uml_dir=/home/tmc-sandbox/tmc-sandbox/web/work/uml ubdarc=/home/tmc-sandbox/tmc-sandbox/uml/output/rootfs.squashfs ubdbr=/home/tmc-sandbox/tmc-sandbox/web/work/0/task.tar ubdc=/home/tmc-sandbox/tmc-sandbox/web/work/0/output.tar eth0=tuntap,tap_tmc0,,192.168.100.1 con=null,fd:1 root=98:0\n[0.664940] PID hash table entries: 2048 (order: 2, 16384 bytes)\n[0.664944] Dentry cache hash table entries: 65536 (order: 7, 524288 bytes)\n[0.664948] Inode-cache hash table entries: 32768 (order: 6, 262144 bytes)\n[0.664951] Memory: 251300K/267664K available (3776K kernel code, 190K rwdata, 1388K rodata, 132K init, 185K bss, 16364K reserved, 0K cma-reserved)\n[0.664974] NR_IRQS:15\n[0.664978] clocksource: timer: mask: 0xffffffffffffffff max_cycles: 0x1cd42e205, max_idle_ns: 881590404426 ns\n[0.664981] Calibrating delay loop... 7367.88 BogoMIPS (lpj=36839424)\n[0.664984] pid_max: default: 32768 minimum: 301\n[0.664987] Mount-cache hash table entries: 1024 (order: 1, 8192 bytes)\n[0.664990] Mountpoint-cache hash table entries: 1024 (order: 1, 8192 bytes)\n[0.664992] Checking that host ptys support output SIGIO...Yes\n[0.664995] Checking that host ptys support SIGIO on close...No, enabling workaround\n[0.664998] Using 2.6 host AIO\n[0.665001] clocksource: jiffies: mask: 0xffffffff max_cycles: 0xffffffff, max_idle_ns: 19112604462750000 ns\n[0.665004] NET: Registered protocol family 16\n[0.665006] clocksource: Switched to clocksource timer\n[0.665010] NET: Registered protocol family 2\n[0.665013] TCP established hash table entries: 4096 (order: 3, 32768 bytes)\n[0.665015] TCP bind hash table entries: 4096 (order: 3, 32768 bytes)\n[0.665018] TCP: Hash tables configured (established 4096 bind 4096)\n[0.665021] UDP hash table entries: 256 (order: 1, 8192 bytes)\n[0.665023] UDP-Lite hash table entries: 256 (order: 1, 8192 bytes)\n[0.665027] NET: Registered protocol family 1\n[0.665029] Unpacking initramfs...\n[0.665032] Freeing initrd memory: 608K (0000000061003000 - 000000006109b000)\n[0.665035] console [stderr0] disabled\n[0.665038] mconsole (version 2) initialized on /home/tmc-sandbox/tmc-sandbox/web/work/uml/pU5fOm/mconsole\n[0.665040] Checking host MADV_REMOVE support...OK\n[0.665043] futex hash table entries: 256 (order: 0, 6144 bytes)\n[0.665046] workingset: timestamp_bits=61 max_order=16 bucket_order=0\n[0.665048] squashfs: version 4.0 (2009/01/31) Phillip Lougher\n[0.665051] aufs 4.7-20160912\n[0.665054] io scheduler noop registered\n[0.665056] io scheduler deadline registered\n[0.665059] io scheduler cfq registered (default)\n[0.665062] loop: module loaded\n[0.665065] null: module loaded\n[0.665068] NET: Registered protocol family 17\n[0.665071] Initialized stdio console driver\n[0.665073] Console initialized on /dev/tty0\n[0.665076] console [tty0] enabled\n[0.665079] Initializing software serial port version 1\n[0.665137] console [mc-1] enabled\n[0.665691] Not locking \"/home/tmc-sandbox/tmc-sandbox/uml/output/rootfs.squashfs\" on the host\n[0.666581] Choosing a random ethernet address for device eth0\n[0.666589] Netdevice 0 (7a:c7:e8:dc:e5:21) : \n[0.666591] TUN/TAP backend - IP = 192.168.100.1\n[0.666688] registered taskstats version 1\n[0.666856] This architecture does not have kernel memory protection.\n[0.673389] TMC customized initrd starting\r\n[0.708845] Not locking \"/home/tmc-sandbox/tmc-sandbox/uml/output/rootfs.squashfs\" on the host\n[0.730057] aufs test_add:286:mount[318]: uid/gid/perm /ro 0/0/0755, 0/0/01777\n[0.773589] Entering tmc-init\r\n[1.540518] Setting up network on TAP device with IP 192.168.100.1\r\n[1.588046] Using internal IP address 192.168.100.2\r\n[1.935134] Starting tmc-run\r\n[3.936337] Apache Maven 3.1.1 (0728685237757ffbf44136acec0402957f723d9a; 2013-09-17 15:22:22+0000)\r\n[3.936362] Maven home: /opt/apache-maven-3.1.1\r\n[3.936367] Java version: 1.8.0_131, vendor: Oracle Corporation\r\n[3.936370] Java home: /usr/lib/jvm/java-8-openjdk-amd64/jre\r\n[3.936373] Default locale: en_US, platform encoding: UTF-8\r\n[3.936446] OS name: \"linux\", version: \"4.7.10\", arch: \"amd64\", family: \"unix\"\r\n[4.203619] Total RAM: 251908KB\r\n[4.290775] RAM used by ramdisk initially: 19172 KB\r\n[4.290889] Project type: langs\r\n[4.302521] Files in /tmc:\r\n[4.335258] .:\r\n[4.336520] total 16504\r\n[4.337600] drwxr-xr-x  6 tmc  root      220 Aug  7 12:17 .\r\n[4.337707] drwxrwxrwt 30 root root      240 Aug  7 12:17 ..\r\n[4.337742] -rw-r--r--  1 tmc  root     3668 Jul 31 08:12 build.xml\r\n[4.337829] drwxr-xr-x  3 tmc  root      200 Aug  7 12:17 lib\r\n[4.337914] -rw-r--r--  1 tmc  root       82 Jul 31 08:12 manifest.mf\r\n[4.337999] drwxr-xr-x  3 tmc  root      140 Aug  7 12:17 nbproject\r\n[4.338043] drwxr-xr-x  2 tmc  root       80 Aug  7 12:17 src\r\n[4.338126] drwxr-xr-x  2 tmc  root       60 Aug  7 12:17 test\r\n[4.338172] -rw-r--r--  1 tmc  root 16882746 Jul 31 08:12 tmc-langs.jar\r\n[4.338221] -rw-r--r--  1 tmc  root       52 Jul 31 08:12 .tmcparams\r\n[4.338278] -rwxr-xr-x  1 tmc  root     3900 Jul 31 08:12 tmc-run\r\n[4.338496] \r\n[4.338522] ./lib:\r\n[4.338975] total 1924\r\n[4.339034] drwxr-xr-x 3 tmc root    200 Aug  7 12:17 .\r\n[4.339091] drwxr-xr-x 6 tmc root    220 Aug  7 12:17 ..\r\n[4.339147] -rw-r--r-- 1 tmc root 326917 Jul 31 08:12 cglib-nodep-2.2.2.jar\r\n[4.339204] -rw-r--r-- 1 tmc root 111969 Jul 31 08:12 easymock-3.1.jar\r\n[4.339276] -rw-r--r-- 1 tmc root  50881 Jul 31 08:12 edu-test-utils-0.4.2.jar\r\n[4.339345] -rw-r--r-- 1 tmc root 711972 Jul 31 08:12 javassist-3.17.1-GA.jar\r\n[4.339401] -rw-r--r-- 1 tmc root 253160 Jul 31 08:12 junit-4.10.jar\r\n[4.339738] -rw-r--r-- 1 tmc root  36046 Jul 31 08:12 objenesis-1.2.jar\r\n[4.339754] -rw-r--r-- 1 tmc root 468889 Jul 31 08:12 powermock-easymock-1.5-full.jar\r\n[4.339756] drwxr-xr-x 2 tmc root     60 Aug  7 12:17 testrunner\r\n[4.339758] \r\n[4.339760] ./lib/testrunner:\r\n[4.339854] total 504\r\n[4.339904] drwxr-xr-x 2 tmc root     60 Aug  7 12:17 .\r\n[4.339981] drwxr-xr-x 3 tmc root    200 Aug  7 12:17 ..\r\n[4.340041] -rw-r--r-- 1 tmc root 515144 Jul 31 08:12 tmc-junit-runner.jar\r\n[4.340122] \r\n[4.340149] ./nbproject:\r\n[4.340472] total 68\r\n[4.340524] drwxr-xr-x 3 tmc root   140 Aug  7 12:17 .\r\n[4.340580] drwxr-xr-x 6 tmc root   220 Aug  7 12:17 ..\r\n[4.340637] -rw-r--r-- 1 tmc root 55300 Jul 31 08:12 build-impl.xml\r\n[4.340693] -rw-r--r-- 1 tmc root   467 Jul 31 08:12 genfiles.properties\r\n[4.340749] drwxr-xr-x 2 tmc root    60 Aug  7 12:17 private\r\n[4.340805] -rw-r--r-- 1 tmc root  3678 Jul 31 08:12 project.properties\r\n[4.340881] -rw-r--r-- 1 tmc root   516 Jul 31 08:12 project.xml\r\n[4.340953] \r\n[4.340979] ./nbproject/private:\r\n[4.341176] total 4\r\n[4.341233] drwxr-xr-x 2 tmc root  60 Aug  7 12:17 .\r\n[4.341288] drwxr-xr-x 3 tmc root 140 Aug  7 12:17 ..\r\n[4.341346] -rw-r--r-- 1 tmc root  67 Jul 31 08:12 private.properties\r\n[4.341501] \r\n[4.341513] ./src:\r\n[4.341739] total 8\r\n[4.341799] drwxr-xr-x 2 tmc root  80 Aug  7 12:17 .\r\n[4.341858] drwxr-xr-x 6 tmc root 220 Aug  7 12:17 ..\r\n[4.341916] -rw-r--r-- 1 tmc root  35 Aug  7 12:17 Calculator.java\r\n[4.341972] -rw-r--r-- 1 tmc root 291 Jul 31 08:12 Paaohjelma.java\r\n[4.342055] \r\n[4.342078] ./test:\r\n[4.342271] total 4\r\n[4.342334] drwxr-xr-x 2 tmc root  60 Aug  7 12:17 .\r\n[4.342394] drwxr-xr-x 6 tmc root 220 Aug  7 12:17 ..\r\n[4.342448] -rw-r--r-- 1 tmc root 440 Aug  7 12:17 CalculatorTest.java\r\n[4.343722] Compiling project...\r\n[4.366427] Memory allocated to Maven: 65536KB\r\n[4.366452] Memory allocated to tests: KB\r\n[4.542732] RAM used by ramdisk: 19172 KB\r\n[4.542795] RAM for maven: 65536 KB\r\n[4.542822] RAM for sandbox: 32768 KB\r\n[4.542844] RAM for program: 134432 KB\r\n[4.543008] Running tests...\r\n[5.962062] random: nonblocking pool is initialized\n[14.864735] {outputPath=test_output.txt, exercisePath=.}\r\n[14.864756] 2017-08-07 12:17:52 [main] INFO  ProjectType:48 - Finding plugin for .\r\n[14.864759] 2017-08-07 12:17:52 [main] INFO  ProjectType:51 - Detected project as apache-ant\r\n[14.864761] 2017-08-07 12:17:52 [main] INFO  AntPlugin:101 - Building project at .\r\n[14.864763] 2017-08-07 12:18:00 [main] INFO  AntPlugin:140 - Error building project at .\r\n[14.864771] /tmc/nbproject/build-impl.xml:603: The following error occurred while executing this line:\r\n[14.864774] /tmc/nbproject/build-impl.xml:245: Compile failed; see the compiler error output for details.\r\n[14.864776] \tat org.apache.tools.ant.ProjectHelper.addLocationToBuildException(ProjectHelper.java:568)\r\n[14.864778] \tat org.apache.tools.ant.taskdefs.MacroInstance.execute(MacroInstance.java:399)\r\n[14.864779] \tat org.apache.tools.ant.UnknownElement.execute(UnknownElement.java:293)\r\n[14.864780] \tat sun.reflect.GeneratedMethodAccessor5.invoke(Unknown Source)\r\n[14.864782] \tat sun.reflect.DelegatingMethodAccessorImpl.invoke(DelegatingMethodAccessorImpl.java:43)\r\n[14.864784] \tat java.lang.reflect.Method.invoke(Method.java:498)\r\n[14.864785] \tat org.apache.tools.ant.dispatch.DispatchUtils.execute(DispatchUtils.java:106)\r\n[14.864787] \tat org.apache.tools.ant.Task.perform(Task.java:348)\r\n[14.864788] \tat org.apache.tools.ant.Target.execute(Target.java:435)\r\n[14.864790] \tat org.apache.tools.ant.Target.performTasks(Target.java:456)\r\n[14.864803] \tat org.apache.tools.ant.Project.executeSortedTargets(Project.java:1405)\r\n[14.864805] \tat org.apache.tools.ant.Project.executeTarget(Project.java:1376)\r\n[14.864807] \tat fi.helsinki.cs.tmc.langs.java.ant.AntPlugin.build(AntPlugin.java:129)\r\n[14.864809] \tat fi.helsinki.cs.tmc.langs.java.AbstractJavaPlugin.runTests(AbstractJavaPlugin.java:124)\r\n[14.864810] \tat fi.helsinki.cs.tmc.langs.util.TaskExecutorImpl.runTests(TaskExecutorImpl.java:36)\r\n[14.864812] \tat fi.helsinki.cs.tmc.langs.cli.Main.runTests(Main.java:257)\r\n[14.864813] \tat fi.helsinki.cs.tmc.langs.cli.Main.run(Main.java:128)\r\n[14.864814] \tat fi.helsinki.cs.tmc.langs.cli.Main.main(Main.java:99)\r\n[14.864816] Caused by: /tmc/nbproject/build-impl.xml:245: Compile failed; see the compiler error output for details.\r\n[14.864817] \tat org.apache.tools.ant.taskdefs.Javac.compile(Javac.java:1181)\r\n[14.864819] \tat org.apache.tools.ant.taskdefs.Javac.execute(Javac.java:936)\r\n[14.864820] \tat org.apache.tools.ant.UnknownElement.execute(UnknownElement.java:293)\r\n[14.864822] \tat sun.reflect.GeneratedMethodAccessor5.invoke(Unknown Source)\r\n[14.864823] \tat sun.reflect.DelegatingMethodAccessorImpl.invoke(DelegatingMethodAccessorImpl.java:43)\r\n[14.864824] \tat java.lang.reflect.Method.invoke(Method.java:498)\r\n[14.864826] \tat org.apache.tools.ant.dispatch.DispatchUtils.execute(DispatchUtils.java:106)\r\n[14.864827] \tat org.apache.tools.ant.Task.perform(Task.java:348)\r\n[14.864829] \tat org.apache.tools.ant.taskdefs.Sequential.execute(Sequential.java:68)\r\n[14.864831] \tat org.apache.tools.ant.UnknownElement.execute(UnknownElement.java:293)\r\n[14.864832] \tat sun.reflect.GeneratedMethodAccessor5.invoke(Unknown Source)\r\n[14.864833] \tat sun.reflect.DelegatingMethodAccessorImpl.invoke(DelegatingMethodAccessorImpl.java:43)\r\n[14.864835] \tat java.lang.reflect.Method.invoke(Method.java:498)\r\n[14.864836] \tat org.apache.tools.ant.dispatch.DispatchUtils.execute(DispatchUtils.java:106)\r\n[14.864838] \tat org.apache.tools.ant.Task.perform(Task.java:348)\r\n[14.864839] \tat org.apache.tools.ant.taskdefs.MacroInstance.execute(MacroInstance.java:396)\r\n[14.864840] \t... 16 more\r\n[14.864842] Test results can be found in test_output.txt\r\n[21.657729] {outputPath=validations.json, locale=fi, exercisePath=.}\r\n[21.657750] 2017-08-07 12:18:02 [main] INFO  ProjectType:48 - Finding plugin for .\r\n[21.657753] 2017-08-07 12:18:03 [main] INFO  ProjectType:51 - Detected project as apache-ant\r\n[21.657755] 2017-08-07 12:18:03 [main] INFO  TMCCheckstyleConfiguration:56 - Configuration file not found, searching for custom default configuration.\r\n[21.657758] 2017-08-07 12:18:03 [main] INFO  TMCCheckstyleConfiguration:66 - Custom configuration not found, using default configuration.\r\n[21.657761] Codestyle report can be found at validations.json\r\n[21.701220] .:\r\n[21.709018] total 16528\r\n[21.709887] drwxr-xr-x  7 tmc  root      360 Aug  7 12:18 .\r\n[21.709944] drwxrwxrwt 30 root root      240 Aug  7 12:17 ..\r\n[21.709985] drwxr-xr-x  5 tmc  tmc       120 Aug  7 12:17 build\r\n[21.710030] -rw-r--r--  1 tmc  tmc       222 Aug  7 12:18 build_errors.txt\r\n[21.710075] -rw-r--r--  1 tmc  tmc      1170 Aug  7 12:18 build_log.txt\r\n[21.710121] -rw-r--r--  1 tmc  root     3668 Jul 31 08:12 build.xml\r\n[21.710165] drwxr-xr-x  3 tmc  root      200 Aug  7 12:17 lib\r\n[21.710211] -rw-r--r--  1 tmc  root       82 Jul 31 08:12 manifest.mf\r\n[21.710256] drwxr-xr-x  3 tmc  root      140 Aug  7 12:17 nbproject\r\n[21.710314] drwxr-xr-x  2 tmc  root       80 Aug  7 12:17 src\r\n[21.710370] -rw-r--r--  1 tmc  tmc         0 Aug  7 12:18 stderr.txt\r\n[21.710415] -rw-r--r--  1 tmc  tmc       524 Aug  7 12:18 stdout.txt\r\n[21.710470] drwxr-xr-x  2 tmc  root       60 Aug  7 12:17 test\r\n[21.710526] -rw-r--r--  1 tmc  tmc      5066 Aug  7 12:18 test_output.txt\r\n[21.710571] -rw-r--r--  1 tmc  root 16882746 Jul 31 08:12 tmc-langs.jar\r\n[21.710616] -rw-r--r--  1 tmc  root       52 Jul 31 08:12 .tmcparams\r\n[21.710660] -rwxr-xr-x  1 tmc  root     3900 Jul 31 08:12 tmc-run\r\n[21.710706] -rw-r--r--  1 tmc  tmc        45 Aug  7 12:18 validations.json\r\n[21.710832] \r\n[21.710844] ./build:\r\n[21.711085] total 4\r\n[21.711133] drwxr-xr-x 5 tmc tmc  120 Aug  7 12:17 .\r\n[21.711188] drwxr-xr-x 7 tmc root 360 Aug  7 12:18 ..\r\n[21.711234] -rw-r--r-- 1 tmc tmc   41 Aug  7 12:17 built-jar.properties\r\n[21.711285] drwxr-xr-x 2 tmc tmc   40 Aug  7 12:17 classes\r\n[21.711331] drwxr-xr-x 2 tmc tmc   40 Aug  7 12:17 empty\r\n[21.711377] drwxr-xr-x 3 tmc tmc   60 Aug  7 12:17 generated-sources\r\n[21.711442] \r\n[21.711452] ./build/classes:\r\n[21.711590] total 0\r\n[21.711637] drwxr-xr-x 2 tmc tmc  40 Aug  7 12:17 .\r\n[21.711682] drwxr-xr-x 5 tmc tmc 120 Aug  7 12:17 ..\r\n[21.711797] \r\n[21.711829] ./build/empty:\r\n[21.712013] total 0\r\n[21.712080] drwxr-xr-x 2 tmc tmc  40 Aug  7 12:17 .\r\n[21.712152] drwxr-xr-x 5 tmc tmc 120 Aug  7 12:17 ..\r\n[21.712240] \r\n[21.712246] ./build/generated-sources:\r\n[21.712404] total 0\r\n[21.712467] drwxr-xr-x 3 tmc tmc  60 Aug  7 12:17 .\r\n[21.712499] drwxr-xr-x 5 tmc tmc 120 Aug  7 12:17 ..\r\n[21.712533] drwxr-xr-x 2 tmc tmc  40 Aug  7 12:17 ap-source-output\r\n[21.712587] \r\n[21.712597] ./build/generated-sources/ap-source-output:\r\n[21.712705] total 0\r\n[21.712739] drwxr-xr-x 2 tmc tmc 40 Aug  7 12:17 .\r\n[21.712773] drwxr-xr-x 3 tmc tmc 60 Aug  7 12:17 ..\r\n[21.712824] \r\n[21.712833] ./lib:\r\n[21.713129] total 1924\r\n[21.713163] drwxr-xr-x 3 tmc root    200 Aug  7 12:17 .\r\n[21.713197] drwxr-xr-x 7 tmc root    360 Aug  7 12:18 ..\r\n[21.713232] -rw-r--r-- 1 tmc root 326917 Jul 31 08:12 cglib-nodep-2.2.2.jar\r\n[21.713266] -rw-r--r-- 1 tmc root 111969 Jul 31 08:12 easymock-3.1.jar\r\n[21.713300] -rw-r--r-- 1 tmc root  50881 Jul 31 08:12 edu-test-utils-0.4.2.jar\r\n[21.713333] -rw-r--r-- 1 tmc root 711972 Jul 31 08:12 javassist-3.17.1-GA.jar\r\n[21.713367] -rw-r--r-- 1 tmc root 253160 Jul 31 08:12 junit-4.10.jar\r\n[21.713400] -rw-r--r-- 1 tmc root  36046 Jul 31 08:12 objenesis-1.2.jar\r\n[21.713434] -rw-r--r-- 1 tmc root 468889 Jul 31 08:12 powermock-easymock-1.5-full.jar\r\n[21.713475] drwxr-xr-x 2 tmc root     60 Aug  7 12:17 testrunner\r\n[21.713534] \r\n[21.713543] ./lib/testrunner:\r\n[21.713675] total 504\r\n[21.713710] drwxr-xr-x 2 tmc root     60 Aug  7 12:17 .\r\n[21.713743] drwxr-xr-x 3 tmc root    200 Aug  7 12:17 ..\r\n[21.713777] -rw-r--r-- 1 tmc root 515144 Jul 31 08:12 tmc-junit-runner.jar\r\n[21.713827] \r\n[21.713835] ./nbproject:\r\n[21.714062] total 68\r\n[21.714097] drwxr-xr-x 3 tmc root   140 Aug  7 12:17 .\r\n[21.714130] drwxr-xr-x 7 tmc root   360 Aug  7 12:18 ..\r\n[21.714164] -rw-r--r-- 1 tmc root 55300 Jul 31 08:12 build-impl.xml\r\n[21.714200] -rw-r--r-- 1 tmc root   467 Jul 31 08:12 genfiles.properties\r\n[21.714237] drwxr-xr-x 2 tmc root    60 Aug  7 12:17 private\r\n[21.714270] -rw-r--r-- 1 tmc root  3678 Jul 31 08:12 project.properties\r\n[21.714310] -rw-r--r-- 1 tmc root   516 Jul 31 08:12 project.xml\r\n[21.714360] \r\n[21.714368] ./nbproject/private:\r\n[21.714501] total 4\r\n[21.714536] drwxr-xr-x 2 tmc root  60 Aug  7 12:17 .\r\n[21.714570] drwxr-xr-x 3 tmc root 140 Aug  7 12:17 ..\r\n[21.714603] -rw-r--r-- 1 tmc root  67 Jul 31 08:12 private.properties\r\n[21.714653] \r\n[21.714662] ./src:\r\n[21.714819] total 8\r\n[21.714855] drwxr-xr-x 2 tmc root  80 Aug  7 12:17 .\r\n[21.714888] drwxr-xr-x 7 tmc root 360 Aug  7 12:18 ..\r\n[21.714928] -rw-r--r-- 1 tmc root  35 Aug  7 12:17 Calculator.java\r\n[21.714963] -rw-r--r-- 1 tmc root 291 Jul 31 08:12 Paaohjelma.java\r\n[21.715014] \r\n[21.715023] ./test:\r\n[21.715155] total 4\r\n[21.715189] drwxr-xr-x 2 tmc root  60 Aug  7 12:17 .\r\n[21.715223] drwxr-xr-x 7 tmc root 360 Aug  7 12:18 ..\r\n[21.715256] -rw-r--r-- 1 tmc root 440 Aug  7 12:17 CalculatorTest.java\r\n[21.716794] tmc-run completed successfully\r\n[21.736444] Completed tmc-run. Exit code: 0\r\n[21.909916] Shutting down...\r\n[21.918920] reboot: System halted\n[21.919208] \n"
}
