{
    "token":"4869aee6-8b5d-4ca4-bc42-814357e24b91",
    "exit_code":0,
    "stderr":"",
    "stdout":"{outputPath=validations.json, locale=fi, exercisePath=.}\n2017-08-07 12:06:51 [main] INFO  ProjectType:48 - Finding plugin for .\n2017-08-07 12:06:51 [main] INFO  ProjectType:51 - Detected project as apache-ant\n2017-08-07 12:06:52 [main] INFO  TMCCheckstyleConfiguration:56 - Configuration file not found, searching for custom default configuration.\n2017-08-07 12:06:52 [main] INFO  TMCCheckstyleConfiguration:66 - Custom configuration not found, using default configuration.\nCodestyle report can be found at validations.json\n",
    "status":"FINISHED",
    "test_output":
        {
            "status":"TESTS_FAILED",
            "testResults":
                [
                    {
                        "name":"FailingCalculatorTest testAddition",
                        "passed":true,
                        "points":["03-03"],
                        "errorMessage":"",
                        "backtrace":[]
                    },
                    {
                        "name":"FailingCalculatorTest testMultiplication",
                        "passed":false,
                        "points":["03-03"],
                        "errorMessage":"This is what a message from an assertTrue or assertFalse looks like!",
                        "backtrace":["org.junit.Assert.fail(Assert.java:93)","org.junit.Assert.assertTrue(Assert.java:43)","FailingCalculatorTest.failTest(FailingCalculatorTest.java:15)","sun.reflect.NativeMethodAccessorImpl.invoke0(Native Method)","sun.reflect.NativeMethodAccessorImpl.invoke(NativeMethodAccessorImpl.java:62)","sun.reflect.DelegatingMethodAccessorImpl.invoke(DelegatingMethodAccessorImpl.java:43)","java.lang.reflect.Method.invoke(Method.java:498)","org.junit.runners.model.FrameworkMethod$1.runReflectiveCall(FrameworkMethod.java:45)","org.junit.internal.runners.model.ReflectiveCallable.run(ReflectiveCallable.java:15)","org.junit.runners.model.FrameworkMethod.invokeExplosively(FrameworkMethod.java:42)","org.junit.internal.runners.statements.InvokeMethod.evaluate(InvokeMethod.java:20)","org.junit.runners.ParentRunner.runLeaf(ParentRunner.java:263)","org.junit.runners.BlockJUnit4ClassRunner.runChild(BlockJUnit4ClassRunner.java:68)","org.junit.runners.BlockJUnit4ClassRunner.runChild(BlockJUnit4ClassRunner.java:47)","org.junit.runners.ParentRunner$3.run(ParentRunner.java:231)","org.junit.runners.ParentRunner$1.schedule(ParentRunner.java:60)","org.junit.runners.ParentRunner.runChildren(ParentRunner.java:229)","org.junit.runners.ParentRunner.access$000(ParentRunner.java:50)","org.junit.runners.ParentRunner$2.evaluate(ParentRunner.java:222)","org.junit.runners.ParentRunner.run(ParentRunner.java:300)","fi.helsinki.cs.tmc.testrunner.TestRunner$TestingRunnable.runTestCase(TestRunner.java:134)","fi.helsinki.cs.tmc.testrunner.TestRunner$TestingRunnable.doRun(TestRunner.java:89)","fi.helsinki.cs.tmc.testrunner.TestRunner$TestingRunnable.run(TestRunner.java:70)","java.lang.Thread.run(Thread.java:748)"]
                    },
                    {
                        "name":"FailingCalculatorTest testDivision",
                        "passed":false,
                        "points":["03-03"],
                        "errorMessage":"ComparisonFailure: This is what a message from an assertEquals looks like! expected:\\u003c[N]ice\\u003e but was:\\u003c[D]ice\\u003e",
                        "backtrace":["org.junit.Assert.assertEquals(Assert.java:125)","FailingCalculatorTest.equalTest(FailingCalculatorTest.java:20)","sun.reflect.NativeMethodAccessorImpl.invoke0(Native Method)","sun.reflect.NativeMethodAccessorImpl.invoke(NativeMethodAccessorImpl.java:62)","sun.reflect.DelegatingMethodAccessorImpl.invoke(DelegatingMethodAccessorImpl.java:43)","java.lang.reflect.Method.invoke(Method.java:498)","org.junit.runners.model.FrameworkMethod$1.runReflectiveCall(FrameworkMethod.java:45)","org.junit.internal.runners.model.ReflectiveCallable.run(ReflectiveCallable.java:15)","org.junit.runners.model.FrameworkMethod.invokeExplosively(FrameworkMethod.java:42)","org.junit.internal.runners.statements.InvokeMethod.evaluate(InvokeMethod.java:20)","org.junit.runners.ParentRunner.runLeaf(ParentRunner.java:263)","org.junit.runners.BlockJUnit4ClassRunner.runChild(BlockJUnit4ClassRunner.java:68)","org.junit.runners.BlockJUnit4ClassRunner.runChild(BlockJUnit4ClassRunner.java:47)","org.junit.runners.ParentRunner$3.run(ParentRunner.java:231)","org.junit.runners.ParentRunner$1.schedule(ParentRunner.java:60)","org.junit.runners.ParentRunner.runChildren(ParentRunner.java:229)","org.junit.runners.ParentRunner.access$000(ParentRunner.java:50)","org.junit.runners.ParentRunner$2.evaluate(ParentRunner.java:222)","org.junit.runners.ParentRunner.run(ParentRunner.java:300)","fi.helsinki.cs.tmc.testrunner.TestRunner$TestingRunnable.runTestCase(TestRunner.java:134)","fi.helsinki.cs.tmc.testrunner.TestRunner$TestingRunnable.doRun(TestRunner.java:89)","fi.helsinki.cs.tmc.testrunner.TestRunner$TestingRunnable.run(TestRunner.java:70)","java.lang.Thread.run(Thread.java:748)"]
                    }
                ],
            "logs":
                {
                    "stdout":[],
                    "stderr":[]
                }
        },
    "validations":"{    \"strategy\":\"DISABLED\",    \"validationErrors\":{}}",
    "vm_log":"[0.008970] Checking that ptrace can change system call numbers...Core dump limits :\n[0.009002] \tsoft - 0\n[0.009006] \thard - NONE\n[0.009310] OK\n[0.009634] Checking syscall emulation patch for ptrace...OK\n[0.010037] Checking advanced syscall emulation patch for ptrace...OK\n[0.010084] Checking environment variables for a tempdir...none found\n[0.010089] Checking if /dev/shm is on tmpfs...OK\n[0.010092] Checking PROT_EXEC mmap in /dev/shm...OK\n[0.010397] Adding 24965120 bytes to physical memory to account for exec-shield gap\n[0.126793] Linux version 4.7.10 (root@pingis) (gcc version 5.4.0 20160609 (Ubuntu 5.4.0-6ubuntu1~16.04.4) ) #1 Thu Jul 20 08:32:38 CEST 2017\n[0.126822] Built 1 zonelists in Zone order, mobility grouping on.  Total pages: 70651\n[0.126830] Kernel command line: initrd=/home/tmc-sandbox/tmc-sandbox/uml/output/initrd.img mem=256M uml_dir=/home/tmc-sandbox/tmc-sandbox/web/work/uml ubdarc=/home/tmc-sandbox/tmc-sandbox/uml/output/rootfs.squashfs ubdbr=/home/tmc-sandbox/tmc-sandbox/web/work/0/task.tar ubdc=/home/tmc-sandbox/tmc-sandbox/web/work/0/output.tar eth0=tuntap,tap_tmc0,,192.168.100.1 con=null,fd:1 root=98:0\n[0.126838] PID hash table entries: 2048 (order: 2, 16384 bytes)\n[0.126845] Dentry cache hash table entries: 65536 (order: 7, 524288 bytes)\n[0.126852] Inode-cache hash table entries: 32768 (order: 6, 262144 bytes)\n[0.126859] Memory: 251076K/286524K available (3776K kernel code, 190K rwdata, 1388K rodata, 132K init, 185K bss, 35448K reserved, 0K cma-reserved)\n[0.126866] NR_IRQS:15\n[0.126873] clocksource: timer: mask: 0xffffffffffffffff max_cycles: 0x1cd42e205, max_idle_ns: 881590404426 ns\n[0.126879] Calibrating delay loop... 6395.49 BogoMIPS (lpj=31977472)\n[0.126887] pid_max: default: 32768 minimum: 301\n[0.126893] Mount-cache hash table entries: 1024 (order: 1, 8192 bytes)\n[0.126900] Mountpoint-cache hash table entries: 1024 (order: 1, 8192 bytes)\n[0.126907] Checking that host ptys support output SIGIO...Yes\n[0.126914] Checking that host ptys support SIGIO on close...No, enabling workaround\n[0.126920] Using 2.6 host AIO\n[0.126927] clocksource: jiffies: mask: 0xffffffff max_cycles: 0xffffffff, max_idle_ns: 19112604462750000 ns\n[0.126933] NET: Registered protocol family 16\n[0.126940] clocksource: Switched to clocksource timer\n[0.126947] NET: Registered protocol family 2\n[0.126954] TCP established hash table entries: 4096 (order: 3, 32768 bytes)\n[0.126961] TCP bind hash table entries: 4096 (order: 3, 32768 bytes)\n[0.126967] TCP: Hash tables configured (established 4096 bind 4096)\n[0.126974] UDP hash table entries: 256 (order: 1, 8192 bytes)\n[0.126981] UDP-Lite hash table entries: 256 (order: 1, 8192 bytes)\n[0.126987] NET: Registered protocol family 1\n[0.126995] Unpacking initramfs...\n[0.127001] Freeing initrd memory: 608K (0000000062403000 - 000000006249b000)\n[0.127008] console [stderr0] disabled\n[0.127015] mconsole (version 2) initialized on /home/tmc-sandbox/tmc-sandbox/web/work/uml/QoqRYb/mconsole\n[0.127022] Checking host MADV_REMOVE support...OK\n[0.127028] futex hash table entries: 256 (order: 0, 6144 bytes)\n[0.127035] workingset: timestamp_bits=61 max_order=16 bucket_order=0\n[0.127042] squashfs: version 4.0 (2009/01/31) Phillip Lougher\n[0.127048] aufs 4.7-20160912\n[0.127055] io scheduler noop registered\n[0.127061] io scheduler deadline registered\n[0.127068] io scheduler cfq registered (default)\n[0.127075] loop: module loaded\n[0.127082] null: module loaded\n[0.127088] NET: Registered protocol family 17\n[0.127096] Initialized stdio console driver\n[0.127102] Console initialized on /dev/tty0\n[0.127111] console [tty0] enabled\n[0.127119] Initializing software serial port version 1\n[0.127403] console [mc-1] enabled\n[0.127904] Not locking \"/home/tmc-sandbox/tmc-sandbox/uml/output/rootfs.squashfs\" on the host\n[0.128929] Choosing a random ethernet address for device eth0\n[0.128994] Netdevice 0 (02:3b:71:76:4b:65) : \n[0.129011] TUN/TAP backend - IP = 192.168.100.1\n[0.129091] registered taskstats version 1\n[0.129287] This architecture does not have kernel memory protection.\n[0.134487] TMC customized initrd starting\r\n[0.152493] Not locking \"/home/tmc-sandbox/tmc-sandbox/uml/output/rootfs.squashfs\" on the host\n[0.171206] aufs test_add:286:mount[318]: uid/gid/perm /ro 0/0/0755, 0/0/01777\n[0.214298] Entering tmc-init\r\n[0.988647] Setting up network on TAP device with IP 192.168.100.1\r\n[1.044991] Using internal IP address 192.168.100.2\r\n[1.375614] Starting tmc-run\r\n[3.207747] Apache Maven 3.1.1 (0728685237757ffbf44136acec0402957f723d9a; 2013-09-17 15:22:22+0000)\r\n[3.207802] Maven home: /opt/apache-maven-3.1.1\r\n[3.207832] Java version: 1.8.0_131, vendor: Oracle Corporation\r\n[3.207859] Java home: /usr/lib/jvm/java-8-openjdk-amd64/jre\r\n[3.207883] Default locale: en_US, platform encoding: UTF-8\r\n[3.208041] OS name: \"linux\", version: \"4.7.10\", arch: \"amd64\", family: \"unix\"\r\n[3.492662] Total RAM: 251684KB\r\n[3.586875] RAM used by ramdisk initially: 19172 KB\r\n[3.587327] Project type: langs\r\n[3.593093] Files in /tmc:\r\n[3.624529] .:\r\n[3.625702] total 16504\r\n[3.626526] drwxr-xr-x  6 tmc  root      220 Aug  7 12:06 .\r\n[3.626602] drwxrwxrwt 30 root root      240 Aug  7 12:06 ..\r\n[3.626668] -rw-r--r--  1 tmc  root     3668 Jul 31 08:12 build.xml\r\n[3.626731] drwxr-xr-x  3 tmc  root      200 Aug  7 12:06 lib\r\n[3.626794] -rw-r--r--  1 tmc  root       82 Jul 31 08:12 manifest.mf\r\n[3.626857] drwxr-xr-x  3 tmc  root      140 Aug  7 12:06 nbproject\r\n[3.626918] drwxr-xr-x  2 tmc  root       80 Aug  7 12:06 src\r\n[3.626980] drwxr-xr-x  2 tmc  root       60 Aug  7 12:06 test\r\n[3.627042] -rw-r--r--  1 tmc  root 16882746 Jul 31 08:12 tmc-langs.jar\r\n[3.627103] -rw-r--r--  1 tmc  root       52 Jul 31 08:12 .tmcparams\r\n[3.627175] -rwxr-xr-x  1 tmc  root     3900 Jul 31 08:12 tmc-run\r\n[3.627317] \r\n[3.627358] ./lib:\r\n[3.627726] total 1924\r\n[3.627792] drwxr-xr-x 3 tmc root    200 Aug  7 12:06 .\r\n[3.627866] drwxr-xr-x 6 tmc root    220 Aug  7 12:06 ..\r\n[3.627929] -rw-r--r-- 1 tmc root 326917 Jul 31 08:12 cglib-nodep-2.2.2.jar\r\n[3.627991] -rw-r--r-- 1 tmc root 111969 Jul 31 08:12 easymock-3.1.jar\r\n[3.628052] -rw-r--r-- 1 tmc root  50881 Jul 31 08:12 edu-test-utils-0.4.2.jar\r\n[3.628136] -rw-r--r-- 1 tmc root 711972 Jul 31 08:12 javassist-3.17.1-GA.jar\r\n[3.628231] -rw-r--r-- 1 tmc root 253160 Jul 31 08:12 junit-4.10.jar\r\n[3.628295] -rw-r--r-- 1 tmc root  36046 Jul 31 08:12 objenesis-1.2.jar\r\n[3.628358] -rw-r--r-- 1 tmc root 468889 Jul 31 08:12 powermock-easymock-1.5-full.jar\r\n[3.628421] drwxr-xr-x 2 tmc root     60 Aug  7 12:06 testrunner\r\n[3.628494] \r\n[3.628535] ./lib/testrunner:\r\n[3.628702] total 504\r\n[3.628772] drwxr-xr-x 2 tmc root     60 Aug  7 12:06 .\r\n[3.628838] drwxr-xr-x 3 tmc root    200 Aug  7 12:06 ..\r\n[3.628902] -rw-r--r-- 1 tmc root 515144 Jul 31 08:12 tmc-junit-runner.jar\r\n[3.628982] \r\n[3.629023] ./nbproject:\r\n[3.629290] total 68\r\n[3.629355] drwxr-xr-x 3 tmc root   140 Aug  7 12:06 .\r\n[3.629416] drwxr-xr-x 6 tmc root   220 Aug  7 12:06 ..\r\n[3.629479] -rw-r--r-- 1 tmc root 55300 Jul 31 08:12 build-impl.xml\r\n[3.629540] -rw-r--r-- 1 tmc root   467 Jul 31 08:12 genfiles.properties\r\n[3.629615] drwxr-xr-x 2 tmc root    60 Aug  7 12:06 private\r\n[3.629675] -rw-r--r-- 1 tmc root  3678 Jul 31 08:12 project.properties\r\n[3.629734] -rw-r--r-- 1 tmc root   516 Jul 31 08:12 project.xml\r\n[3.629802] \r\n[3.629841] ./nbproject/private:\r\n[3.629994] total 4\r\n[3.630055] drwxr-xr-x 2 tmc root  60 Aug  7 12:06 .\r\n[3.630114] drwxr-xr-x 3 tmc root 140 Aug  7 12:06 ..\r\n[3.630174] -rw-r--r-- 1 tmc root  67 Jul 31 08:12 private.properties\r\n[3.630301] \r\n[3.630339] ./src:\r\n[3.630513] total 8\r\n[3.630588] drwxr-xr-x 2 tmc root  80 Aug  7 12:06 .\r\n[3.630660] drwxr-xr-x 6 tmc root 220 Aug  7 12:06 ..\r\n[3.630721] -rw-r--r-- 1 tmc root  36 Aug  7 12:06 FailingCalculator.java\r\n[3.630781] -rw-r--r-- 1 tmc root 291 Jul 31 08:12 Paaohjelma.java\r\n[3.630855] \r\n[3.630894] ./test:\r\n[3.631045] total 4\r\n[3.631126] drwxr-xr-x 2 tmc root  60 Aug  7 12:06 .\r\n[3.631196] drwxr-xr-x 6 tmc root 220 Aug  7 12:06 ..\r\n[3.631287] -rw-r--r-- 1 tmc root 440 Aug  7 12:06 FailingCalculatorTest.java\r\n[3.632749] Compiling project...\r\n[3.659111] Memory allocated to Maven: 65536KB\r\n[3.659210] Memory allocated to tests: KB\r\n[3.832902] RAM used by ramdisk: 19172 KB\r\n[3.833380] RAM for maven: 65536 KB\r\n[3.833442] RAM for sandbox: 32768 KB\r\n[3.833539] RAM for program: 134208 KB\r\n[3.833977] Running tests...\r\n[5.571627] random: nonblocking pool is initialized\n[28.122111] {outputPath=test_output.txt, exercisePath=.}\r\n[28.122133] 2017-08-07 12:06:27 [main] INFO  ProjectType:48 - Finding plugin for .\r\n[28.122137] 2017-08-07 12:06:27 [main] INFO  ProjectType:51 - Detected project as apache-ant\r\n[28.122139] 2017-08-07 12:06:27 [main] INFO  AntPlugin:101 - Building project at .\r\n[28.122142] 2017-08-07 12:06:41 [main] INFO  AntPlugin:132 - Successfully built project at .\r\n[28.122144] 2017-08-07 12:06:41 [main] INFO  AntPlugin:194 - Running tests for project at .\r\n[28.122147] 2017-08-07 12:06:41 [main] INFO  AntPlugin:101 - Building project at .\r\n[28.122149] 2017-08-07 12:06:45 [main] INFO  AntPlugin:132 - Successfully built project at .\r\n[28.122151] 2017-08-07 12:06:49 [main] INFO  AntPlugin:239 - Successfully ran tests for project at .\r\n[28.122153] Test results can be found in test_output.txt\r\n[28.131955] warning: Supported source version 'RELEASE_6' from annotation processor 'fi.helsinki.cs.tmc.testscanner.TestMethodAnnotationProcessor' less than -source '1.8'\r\n[28.131976] 1 warning\r\n[34.857973] {outputPath=validations.json, locale=fi, exercisePath=.}\r\n[34.857993] 2017-08-07 12:06:51 [main] INFO  ProjectType:48 - Finding plugin for .\r\n[34.857997] 2017-08-07 12:06:51 [main] INFO  ProjectType:51 - Detected project as apache-ant\r\n[34.857999] 2017-08-07 12:06:52 [main] INFO  TMCCheckstyleConfiguration:56 - Configuration file not found, searching for custom default configuration.\r\n[34.858002] 2017-08-07 12:06:52 [main] INFO  TMCCheckstyleConfiguration:66 - Custom configuration not found, using default configuration.\r\n[34.858004] Codestyle report can be found at validations.json\r\n[34.894543] .:\r\n[34.900881] total 16520\r\n[34.901740] drwxr-xr-x  7 tmc  root      360 Aug  7 12:06 .\r\n[34.901818] drwxrwxrwt 30 root root      240 Aug  7 12:06 ..\r\n[34.901885] drwxr-xr-x  6 tmc  tmc       140 Aug  7 12:06 build\r\n[34.901949] -rw-r--r--  1 tmc  tmc         0 Aug  7 12:06 build_errors.txt\r\n[34.902012] -rw-r--r--  1 tmc  tmc       982 Aug  7 12:06 build_log.txt\r\n[34.902075] -rw-r--r--  1 tmc  root     3668 Jul 31 08:12 build.xml\r\n[34.902136] drwxr-xr-x  3 tmc  root      200 Aug  7 12:06 lib\r\n[34.902198] -rw-r--r--  1 tmc  root       82 Jul 31 08:12 manifest.mf\r\n[34.902260] drwxr-xr-x  3 tmc  root      140 Aug  7 12:06 nbproject\r\n[34.902322] drwxr-xr-x  2 tmc  root       80 Aug  7 12:06 src\r\n[34.902383] -rw-r--r--  1 tmc  tmc         0 Aug  7 12:06 stderr.txt\r\n[34.902444] -rw-r--r--  1 tmc  tmc       524 Aug  7 12:06 stdout.txt\r\n[34.902505] drwxr-xr-x  2 tmc  root       60 Aug  7 12:06 test\r\n[34.902566] -rw-r--r--  1 tmc  tmc      3783 Aug  7 12:06 test_output.txt\r\n[34.902627] -rw-r--r--  1 tmc  root 16882746 Jul 31 08:12 tmc-langs.jar\r\n[34.902688] -rw-r--r--  1 tmc  root       52 Jul 31 08:12 .tmcparams\r\n[34.902749] -rwxr-xr-x  1 tmc  root     3900 Jul 31 08:12 tmc-run\r\n[34.902810] -rw-r--r--  1 tmc  tmc        45 Aug  7 12:06 validations.json\r\n[34.902936] \r\n[34.902975] ./build:\r\n[34.903236] total 4\r\n[34.903300] drwxr-xr-x 6 tmc tmc  140 Aug  7 12:06 .\r\n[34.903362] drwxr-xr-x 7 tmc root 360 Aug  7 12:06 ..\r\n[34.903423] -rw-r--r-- 1 tmc tmc   41 Aug  7 12:06 built-jar.properties\r\n[34.903483] drwxr-xr-x 2 tmc tmc   80 Aug  7 12:06 classes\r\n[34.903544] drwxr-xr-x 2 tmc tmc   40 Aug  7 12:06 empty\r\n[34.903605] drwxr-xr-x 3 tmc tmc   60 Aug  7 12:06 generated-sources\r\n[34.903665] drwxr-xr-x 3 tmc tmc   60 Aug  7 12:06 test\r\n[34.903741] \r\n[34.903780] ./build/classes:\r\n[34.903967] total 8\r\n[34.904046] drwxr-xr-x 2 tmc tmc  80 Aug  7 12:06 .\r\n[34.904115] drwxr-xr-x 6 tmc tmc 140 Aug  7 12:06 ..\r\n[34.904177] -rw-r--r-- 1 tmc tmc 255 Aug  7 12:06 FailingCalculator.class\r\n[34.904239] -rw-r--r-- 1 tmc tmc 550 Aug  7 12:06 Paaohjelma.class\r\n[34.904314] \r\n[34.904353] ./build/empty:\r\n[34.904494] total 0\r\n[34.904556] drwxr-xr-x 2 tmc tmc  40 Aug  7 12:06 .\r\n[34.904617] drwxr-xr-x 6 tmc tmc 140 Aug  7 12:06 ..\r\n[34.904687] \r\n[34.904727] ./build/generated-sources:\r\n[34.904915] total 0\r\n[34.904979] drwxr-xr-x 3 tmc tmc  60 Aug  7 12:06 .\r\n[34.905040] drwxr-xr-x 6 tmc tmc 140 Aug  7 12:06 ..\r\n[34.905102] drwxr-xr-x 2 tmc tmc  40 Aug  7 12:06 ap-source-output\r\n[34.905211] \r\n[34.905252] ./build/generated-sources/ap-source-output:\r\n[34.905391] total 0\r\n[34.905454] drwxr-xr-x 2 tmc tmc 40 Aug  7 12:06 .\r\n[34.905515] drwxr-xr-x 3 tmc tmc 60 Aug  7 12:06 ..\r\n[34.905592] \r\n[34.905630] ./build/test:\r\n[34.905793] total 0\r\n[34.905856] drwxr-xr-x 3 tmc tmc  60 Aug  7 12:06 .\r\n[34.905917] drwxr-xr-x 6 tmc tmc 140 Aug  7 12:06 ..\r\n[34.905978] drwxr-xr-x 2 tmc tmc  60 Aug  7 12:06 classes\r\n[34.906054] \r\n[34.906093] ./build/test/classes:\r\n[34.906250] total 4\r\n[34.906311] drwxr-xr-x 2 tmc tmc  60 Aug  7 12:06 .\r\n[34.906372] drwxr-xr-x 3 tmc tmc  60 Aug  7 12:06 ..\r\n[34.906433] -rw-r--r-- 1 tmc tmc 848 Aug  7 12:06 FailingCalculatorTest.class\r\n[34.906505] \r\n[34.906544] ./lib:\r\n[34.906864] total 1924\r\n[34.906927] drwxr-xr-x 3 tmc root    200 Aug  7 12:06 .\r\n[34.906987] drwxr-xr-x 7 tmc root    360 Aug  7 12:06 ..\r\n[34.907048] -rw-r--r-- 1 tmc root 326917 Jul 31 08:12 cglib-nodep-2.2.2.jar\r\n[34.907109] -rw-r--r-- 1 tmc root 111969 Jul 31 08:12 easymock-3.1.jar\r\n[34.907169] -rw-r--r-- 1 tmc root  50881 Jul 31 08:12 edu-test-utils-0.4.2.jar\r\n[34.907230] -rw-r--r-- 1 tmc root 711972 Jul 31 08:12 javassist-3.17.1-GA.jar\r\n[34.907290] -rw-r--r-- 1 tmc root 253160 Jul 31 08:12 junit-4.10.jar\r\n[34.907351] -rw-r--r-- 1 tmc root  36046 Jul 31 08:12 objenesis-1.2.jar\r\n[34.907411] -rw-r--r-- 1 tmc root 468889 Jul 31 08:12 powermock-easymock-1.5-full.jar\r\n[34.907471] drwxr-xr-x 2 tmc root     60 Aug  7 12:06 testrunner\r\n[34.907549] \r\n[34.907588] ./lib/testrunner:\r\n[34.907747] total 504\r\n[34.907809] drwxr-xr-x 2 tmc root     60 Aug  7 12:06 .\r\n[34.907870] drwxr-xr-x 3 tmc root    200 Aug  7 12:06 ..\r\n[34.907931] -rw-r--r-- 1 tmc root 515144 Jul 31 08:12 tmc-junit-runner.jar\r\n[34.908003] \r\n[34.908042] ./nbproject:\r\n[34.908351] total 68\r\n[34.908415] drwxr-xr-x 3 tmc root   140 Aug  7 12:06 .\r\n[34.908477] drwxr-xr-x 7 tmc root   360 Aug  7 12:06 ..\r\n[34.908539] -rw-r--r-- 1 tmc root 55300 Jul 31 08:12 build-impl.xml\r\n[34.908600] -rw-r--r-- 1 tmc root   467 Jul 31 08:12 genfiles.properties\r\n[34.908661] drwxr-xr-x 2 tmc root    60 Aug  7 12:06 private\r\n[34.908722] -rw-r--r-- 1 tmc root  3678 Jul 31 08:12 project.properties\r\n[34.908791] -rw-r--r-- 1 tmc root   516 Jul 31 08:12 project.xml\r\n[34.908868] \r\n[34.908910] ./nbproject/private:\r\n[34.909080] total 4\r\n[34.909182] drwxr-xr-x 2 tmc root  60 Aug  7 12:06 .\r\n[34.909250] drwxr-xr-x 3 tmc root 140 Aug  7 12:06 ..\r\n[34.909314] -rw-r--r-- 1 tmc root  67 Jul 31 08:12 private.properties\r\n[34.909392] \r\n[34.909437] ./src:\r\n[34.909627] total 8\r\n[34.909693] drwxr-xr-x 2 tmc root  80 Aug  7 12:06 .\r\n[34.909757] drwxr-xr-x 7 tmc root 360 Aug  7 12:06 ..\r\n[34.909821] -rw-r--r-- 1 tmc root  36 Aug  7 12:06 FailingCalculator.java\r\n[34.909886] -rw-r--r-- 1 tmc root 291 Jul 31 08:12 Paaohjelma.java\r\n[34.909962] \r\n[34.910002] ./test:\r\n[34.910170] total 4\r\n[34.910235] drwxr-xr-x 2 tmc root  60 Aug  7 12:06 .\r\n[34.910299] drwxr-xr-x 7 tmc root 360 Aug  7 12:06 ..\r\n[34.910363] -rw-r--r-- 1 tmc root 440 Aug  7 12:06 FailingCalculatorTest.java\r\n[34.912112] tmc-run completed successfully\r\n[34.931674] Completed tmc-run. Exit code: 0\r\n[35.102228] Shutting down...\r\n[35.111747] reboot: System halted\n[35.112186] \n"
}
