{
    "token":"0dc276c0-1a62-4a8f-bbe9-ef6eb9fc0776",
    "exit_code":0,
    "stderr":"",
    "stdout":"{outputPath=validations.json, locale=fi, exercisePath=.}\n2017-08-07 12:11:43 [main] INFO  ProjectType:48 - Finding plugin for .\n2017-08-07 12:11:43 [main] INFO  ProjectType:51 - Detected project as apache-ant\n2017-08-07 12:11:43 [main] INFO  TMCCheckstyleConfiguration:56 - Configuration file not found, searching for custom default configuration.\n2017-08-07 12:11:43 [main] INFO  TMCCheckstyleConfiguration:66 - Custom configuration not found, using default configuration.\nCodestyle report can be found at validations.json\n",
    "status":"FINISHED",
    "test_output":
        {
            "status":"PASSED",
            "testResults":
                [
                    {
                        "name":"PassingCalculatorTest testAddition",
                        "passed":true,
                        "points":["03-03"],
                        "errorMessage":"",
                        "backtrace":[]
                    },
                    {
                        "name":"PassingCalculatorTest testMultiplication",
                        "passed":true,
                        "points":["03-03"],
                        "errorMessage":"",
                        "backtrace":[]
                    },
                    {
                        "name":"PassingCalculatorTest testDivision",
                        "passed":true,
                        "points":["03-03"],
                        "errorMessage":"",
                        "backtrace":[]
                    }
                ],
                "logs":
                    {
                        "stdout":[],
                        "stderr":[]
                    }
        },
    "validations":"{    \"strategy\":\"DISABLED\",    \"validationErrors\":{}}",
    "vm_log":"[0.015427] Checking that ptrace can change system call numbers...Core dump limits :\n[0.015480] \tsoft - 0\n[0.015486] \thard - NONE\n[0.015551] OK\n[0.015705] Checking syscall emulation patch for ptrace...OK\n[0.016114] Checking advanced syscall emulation patch for ptrace...OK\n[0.016643] Checking environment variables for a tempdir...none found\n[0.016652] Checking if /dev/shm is on tmpfs...OK\n[0.016656] Checking PROT_EXEC mmap in /dev/shm...OK\n[0.016659] Adding 16805888 bytes to physical memory to account for exec-shield gap\n[0.128487] Linux version 4.7.10 (root@pingis) (gcc version 5.4.0 20160609 (Ubuntu 5.4.0-6ubuntu1~16.04.4) ) #1 Thu Jul 20 08:32:38 CEST 2017\n[0.128516] Built 1 zonelists in Zone order, mobility grouping on.  Total pages: 68686\n[0.128520] Kernel command line: initrd=/home/tmc-sandbox/tmc-sandbox/uml/output/initrd.img mem=256M uml_dir=/home/tmc-sandbox/tmc-sandbox/web/work/uml ubdarc=/home/tmc-sandbox/tmc-sandbox/uml/output/rootfs.squashfs ubdbr=/home/tmc-sandbox/tmc-sandbox/web/work/0/task.tar ubdc=/home/tmc-sandbox/tmc-sandbox/web/work/0/output.tar eth0=tuntap,tap_tmc0,,192.168.100.1 con=null,fd:1 root=98:0\n[0.128524] PID hash table entries: 2048 (order: 2, 16384 bytes)\n[0.128528] Dentry cache hash table entries: 65536 (order: 7, 524288 bytes)\n[0.128531] Inode-cache hash table entries: 32768 (order: 6, 262144 bytes)\n[0.128924] Memory: 251132K/278556K available (3776K kernel code, 190K rwdata, 1388K rodata, 132K init, 185K bss, 27424K reserved, 0K cma-reserved)\n[0.128931] NR_IRQS:15\n[0.128935] clocksource: timer: mask: 0xffffffffffffffff max_cycles: 0x1cd42e205, max_idle_ns: 881590404426 ns\n[0.128938] Calibrating delay loop... 7294.15 BogoMIPS (lpj=36470784)\n[0.128941] pid_max: default: 32768 minimum: 301\n[0.128944] Mount-cache hash table entries: 1024 (order: 1, 8192 bytes)\n[0.128947] Mountpoint-cache hash table entries: 1024 (order: 1, 8192 bytes)\n[0.128950] Checking that host ptys support output SIGIO...Yes\n[0.128953] Checking that host ptys support SIGIO on close...No, enabling workaround\n[0.128956] Using 2.6 host AIO\n[0.128959] clocksource: jiffies: mask: 0xffffffff max_cycles: 0xffffffff, max_idle_ns: 19112604462750000 ns\n[0.128962] NET: Registered protocol family 16\n[0.128965] clocksource: Switched to clocksource timer\n[0.128968] NET: Registered protocol family 2\n[0.128971] TCP established hash table entries: 4096 (order: 3, 32768 bytes)\n[0.128974] TCP bind hash table entries: 4096 (order: 3, 32768 bytes)\n[0.128977] TCP: Hash tables configured (established 4096 bind 4096)\n[0.128980] UDP hash table entries: 256 (order: 1, 8192 bytes)\n[0.128983] UDP-Lite hash table entries: 256 (order: 1, 8192 bytes)\n[0.128986] NET: Registered protocol family 1\n[0.128989] Unpacking initramfs...\n[0.128992] Freeing initrd memory: 608K (0000000061c03000 - 0000000061c9b000)\n[0.128995] console [stderr0] disabled\n[0.128998] mconsole (version 2) initialized on /home/tmc-sandbox/tmc-sandbox/web/work/uml/FcPtHz/mconsole\n[0.129001] Checking host MADV_REMOVE support...OK\n[0.129004] futex hash table entries: 256 (order: 0, 6144 bytes)\n[0.129007] workingset: timestamp_bits=61 max_order=16 bucket_order=0\n[0.129010] squashfs: version 4.0 (2009/01/31) Phillip Lougher\n[0.129012] aufs 4.7-20160912\n[0.129016] io scheduler noop registered\n[0.129019] io scheduler deadline registered\n[0.129022] io scheduler cfq registered (default)\n[0.129025] loop: module loaded\n[0.129028] null: module loaded\n[0.129031] NET: Registered protocol family 17\n[0.129034] Initialized stdio console driver\n[0.129045] Console initialized on /dev/tty0\n[0.129049] console [tty0] enabled\n[0.129051] Initializing software serial port version 1\n[0.129054] console [mc-1] enabled\n[0.129392] Not locking \"/home/tmc-sandbox/tmc-sandbox/uml/output/rootfs.squashfs\" on the host\n[0.130343] Choosing a random ethernet address for device eth0\n[0.130354] Netdevice 0 (da:16:f3:09:fd:68) : \n[0.130357] TUN/TAP backend - IP = 192.168.100.1\n[0.130428] registered taskstats version 1\n[0.130588] This architecture does not have kernel memory protection.\n[0.137567] TMC customized initrd starting\r\n[0.171948] Not locking \"/home/tmc-sandbox/tmc-sandbox/uml/output/rootfs.squashfs\" on the host\n[0.195792] aufs test_add:286:mount[318]: uid/gid/perm /ro 0/0/0755, 0/0/01777\n[0.243998] Entering tmc-init\r\n[1.186211] Setting up network on TAP device with IP 192.168.100.1\r\n[1.269815] Using internal IP address 192.168.100.2\r\n[1.606532] Starting tmc-run\r\n[3.614671] Apache Maven 3.1.1 (0728685237757ffbf44136acec0402957f723d9a; 2013-09-17 15:22:22+0000)\r\n[3.614689] Maven home: /opt/apache-maven-3.1.1\r\n[3.614692] Java version: 1.8.0_131, vendor: Oracle Corporation\r\n[3.614695] Java home: /usr/lib/jvm/java-8-openjdk-amd64/jre\r\n[3.614696] Default locale: en_US, platform encoding: UTF-8\r\n[3.614796] OS name: \"linux\", version: \"4.7.10\", arch: \"amd64\", family: \"unix\"\r\n[3.862293] Total RAM: 251740KB\r\n[3.947585] RAM used by ramdisk initially: 19172 KB\r\n[3.947848] Project type: langs\r\n[3.962414] Files in /tmc:\r\n[3.991721] .:\r\n[3.992611] total 16504\r\n[3.993395] drwxr-xr-x  6 tmc  root      220 Aug  7 12:11 .\r\n[3.993417] drwxrwxrwt 30 root root      240 Aug  7 12:11 ..\r\n[3.993477] -rw-r--r--  1 tmc  root     3668 Jul 31 08:12 build.xml\r\n[3.993522] drwxr-xr-x  3 tmc  root      200 Aug  7 12:11 lib\r\n[3.993569] -rw-r--r--  1 tmc  root       82 Jul 31 08:12 manifest.mf\r\n[3.993615] drwxr-xr-x  3 tmc  root      140 Aug  7 12:11 nbproject\r\n[3.993661] drwxr-xr-x  2 tmc  root       80 Aug  7 12:11 src\r\n[3.993701] drwxr-xr-x  2 tmc  root       60 Aug  7 12:11 test\r\n[3.993743] -rw-r--r--  1 tmc  root 16882746 Jul 31 08:12 tmc-langs.jar\r\n[3.993784] -rw-r--r--  1 tmc  root       52 Jul 31 08:12 .tmcparams\r\n[3.993825] -rwxr-xr-x  1 tmc  root     3900 Jul 31 08:12 tmc-run\r\n[3.993933] \r\n[3.993946] ./lib:\r\n[3.994299] total 1924\r\n[3.994350] drwxr-xr-x 3 tmc root    200 Aug  7 12:11 .\r\n[3.994392] drwxr-xr-x 6 tmc root    220 Aug  7 12:11 ..\r\n[3.994434] -rw-r--r-- 1 tmc root 326917 Jul 31 08:12 cglib-nodep-2.2.2.jar\r\n[3.994475] -rw-r--r-- 1 tmc root 111969 Jul 31 08:12 easymock-3.1.jar\r\n[3.994517] -rw-r--r-- 1 tmc root  50881 Jul 31 08:12 edu-test-utils-0.4.2.jar\r\n[3.994558] -rw-r--r-- 1 tmc root 711972 Jul 31 08:12 javassist-3.17.1-GA.jar\r\n[3.994599] -rw-r--r-- 1 tmc root 253160 Jul 31 08:12 junit-4.10.jar\r\n[3.994661] -rw-r--r-- 1 tmc root  36046 Jul 31 08:12 objenesis-1.2.jar\r\n[3.994701] -rw-r--r-- 1 tmc root 468889 Jul 31 08:12 powermock-easymock-1.5-full.jar\r\n[3.994752] drwxr-xr-x 2 tmc root     60 Aug  7 12:11 testrunner\r\n[3.994806] \r\n[3.994815] ./lib/testrunner:\r\n[3.994955] total 504\r\n[3.994997] drwxr-xr-x 2 tmc root     60 Aug  7 12:11 .\r\n[3.995038] drwxr-xr-x 3 tmc root    200 Aug  7 12:11 ..\r\n[3.995079] -rw-r--r-- 1 tmc root 515144 Jul 31 08:12 tmc-junit-runner.jar\r\n[3.995138] \r\n[3.995147] ./nbproject:\r\n[3.995383] total 68\r\n[3.995426] drwxr-xr-x 3 tmc root   140 Aug  7 12:11 .\r\n[3.995468] drwxr-xr-x 6 tmc root   220 Aug  7 12:11 ..\r\n[3.995808] -rw-r--r-- 1 tmc root 55300 Jul 31 08:12 build-impl.xml\r\n[3.995820] -rw-r--r-- 1 tmc root   467 Jul 31 08:12 genfiles.properties\r\n[3.995822] drwxr-xr-x 2 tmc root    60 Aug  7 12:11 private\r\n[3.995824] -rw-r--r-- 1 tmc root  3678 Jul 31 08:12 project.properties\r\n[3.995826] -rw-r--r-- 1 tmc root   516 Jul 31 08:12 project.xml\r\n[3.995828] \r\n[3.995831] ./nbproject/private:\r\n[3.995935] total 4\r\n[3.995977] drwxr-xr-x 2 tmc root  60 Aug  7 12:11 .\r\n[3.996018] drwxr-xr-x 3 tmc root 140 Aug  7 12:11 ..\r\n[3.996058] -rw-r--r-- 1 tmc root  67 Jul 31 08:12 private.properties\r\n[3.996179] \r\n[3.996187] ./src:\r\n[3.996351] total 8\r\n[3.996399] drwxr-xr-x 2 tmc root  80 Aug  7 12:11 .\r\n[3.996445] drwxr-xr-x 6 tmc root 220 Aug  7 12:11 ..\r\n[3.996491] -rw-r--r-- 1 tmc root  36 Aug  7 12:11 PassingCalculator.java\r\n[3.996531] -rw-r--r-- 1 tmc root 291 Jul 31 08:12 Paaohjelma.java\r\n[3.996591] \r\n[3.996599] ./test:\r\n[3.996765] total 4\r\n[3.996812] drwxr-xr-x 2 tmc root  60 Aug  7 12:11 .\r\n[3.996853] drwxr-xr-x 6 tmc root 220 Aug  7 12:11 ..\r\n[3.996894] -rw-r--r-- 1 tmc root 437 Aug  7 12:11 PassingCalculatorTest.java\r\n[3.998403] Compiling project...\r\n[4.019090] Memory allocated to Maven: 65536KB\r\n[4.019118] Memory allocated to tests: KB\r\n[4.199356] RAM used by ramdisk: 19172 KB\r\n[4.199597] RAM for maven: 65536 KB\r\n[4.199637] RAM for sandbox: 32768 KB\r\n[4.199696] RAM for program: 134264 KB\r\n[4.200119] Running tests...\r\n[4.766892] random: nonblocking pool is initialized\n[21.556129] {outputPath=test_output.txt, exercisePath=.}\r\n[21.556154] 2017-08-07 12:11:24 [main] INFO  ProjectType:48 - Finding plugin for .\r\n[21.556159] 2017-08-07 12:11:25 [main] INFO  ProjectType:51 - Detected project as apache-ant\r\n[21.556162] 2017-08-07 12:11:25 [main] INFO  AntPlugin:101 - Building project at .\r\n[21.556181] 2017-08-07 12:11:34 [main] INFO  AntPlugin:132 - Successfully built project at .\r\n[21.556186] 2017-08-07 12:11:34 [main] INFO  AntPlugin:194 - Running tests for project at .\r\n[21.556189] 2017-08-07 12:11:34 [main] INFO  AntPlugin:101 - Building project at .\r\n[21.556192] 2017-08-07 12:11:38 [main] INFO  AntPlugin:132 - Successfully built project at .\r\n[21.556194] 2017-08-07 12:11:41 [main] INFO  AntPlugin:239 - Successfully ran tests for project at .\r\n[21.556197] Test results can be found in test_output.txt\r\n[21.573992] warning: Supported source version 'RELEASE_6' from annotation processor 'fi.helsinki.cs.tmc.testscanner.TestMethodAnnotationProcessor' less than -source '1.8'\r\n[21.574012] 1 warning\r\n[28.302099] {outputPath=validations.json, locale=fi, exercisePath=.}\r\n[28.302117] 2017-08-07 12:11:43 [main] INFO  ProjectType:48 - Finding plugin for .\r\n[28.302120] 2017-08-07 12:11:43 [main] INFO  ProjectType:51 - Detected project as apache-ant\r\n[28.302122] 2017-08-07 12:11:43 [main] INFO  TMCCheckstyleConfiguration:56 - Configuration file not found, searching for custom default configuration.\r\n[28.302125] 2017-08-07 12:11:43 [main] INFO  TMCCheckstyleConfiguration:66 - Custom configuration not found, using default configuration.\r\n[28.302127] Codestyle report can be found at validations.json\r\n[28.347709] .:\r\n[28.356402] total 16520\r\n[28.357595] drwxr-xr-x  7 tmc  root      360 Aug  7 12:11 .\r\n[28.357647] drwxrwxrwt 30 root root      240 Aug  7 12:11 ..\r\n[28.357731] drwxr-xr-x  6 tmc  tmc       140 Aug  7 12:11 build\r\n[28.357815] -rw-r--r--  1 tmc  tmc         0 Aug  7 12:11 build_errors.txt\r\n[28.357899] -rw-r--r--  1 tmc  tmc       982 Aug  7 12:11 build_log.txt\r\n[28.357935] -rw-r--r--  1 tmc  root     3668 Jul 31 08:12 build.xml\r\n[28.357992] drwxr-xr-x  3 tmc  root      200 Aug  7 12:11 lib\r\n[28.358048] -rw-r--r--  1 tmc  root       82 Jul 31 08:12 manifest.mf\r\n[28.358094] drwxr-xr-x  3 tmc  root      140 Aug  7 12:11 nbproject\r\n[28.358141] drwxr-xr-x  2 tmc  root       80 Aug  7 12:11 src\r\n[28.358186] -rw-r--r--  1 tmc  tmc         0 Aug  7 12:11 stderr.txt\r\n[28.358233] -rw-r--r--  1 tmc  tmc       524 Aug  7 12:11 stdout.txt\r\n[28.358280] drwxr-xr-x  2 tmc  root       60 Aug  7 12:11 test\r\n[28.358326] -rw-r--r--  1 tmc  tmc       372 Aug  7 12:11 test_output.txt\r\n[28.358375] -rw-r--r--  1 tmc  root 16882746 Jul 31 08:12 tmc-langs.jar\r\n[28.358421] -rw-r--r--  1 tmc  root       52 Jul 31 08:12 .tmcparams\r\n[28.358467] -rwxr-xr-x  1 tmc  root     3900 Jul 31 08:12 tmc-run\r\n[28.358759] -rw-r--r--  1 tmc  tmc        45 Aug  7 12:11 validations.json\r\n[28.358762] \r\n[28.358764] ./build:\r\n[28.359030] total 4\r\n[28.359078] drwxr-xr-x 6 tmc tmc  140 Aug  7 12:11 .\r\n[28.359124] drwxr-xr-x 7 tmc root 360 Aug  7 12:11 ..\r\n[28.359173] -rw-r--r-- 1 tmc tmc   41 Aug  7 12:11 built-jar.properties\r\n[28.359219] drwxr-xr-x 2 tmc tmc   80 Aug  7 12:11 classes\r\n[28.359290] drwxr-xr-x 2 tmc tmc   40 Aug  7 12:11 empty\r\n[28.359338] drwxr-xr-x 3 tmc tmc   60 Aug  7 12:11 generated-sources\r\n[28.359388] drwxr-xr-x 3 tmc tmc   60 Aug  7 12:11 test\r\n[28.359466] \r\n[28.359485] ./build/classes:\r\n[28.359726] total 8\r\n[28.359775] drwxr-xr-x 2 tmc tmc  80 Aug  7 12:11 .\r\n[28.359823] drwxr-xr-x 6 tmc tmc 140 Aug  7 12:11 ..\r\n[28.359870] -rw-r--r-- 1 tmc tmc 255 Aug  7 12:11 PassingCalculator.class\r\n[28.359915] -rw-r--r-- 1 tmc tmc 550 Aug  7 12:11 Paaohjelma.class\r\n[28.359991] \r\n[28.360020] ./build/empty:\r\n[28.360172] total 0\r\n[28.360220] drwxr-xr-x 2 tmc tmc  40 Aug  7 12:11 .\r\n[28.360267] drwxr-xr-x 6 tmc tmc 140 Aug  7 12:11 ..\r\n[28.360332] \r\n[28.360350] ./build/generated-sources:\r\n[28.360532] total 0\r\n[28.360581] drwxr-xr-x 3 tmc tmc  60 Aug  7 12:11 .\r\n[28.360635] drwxr-xr-x 6 tmc tmc 140 Aug  7 12:11 ..\r\n[28.360682] drwxr-xr-x 2 tmc tmc  40 Aug  7 12:11 ap-source-output\r\n[28.360768] \r\n[28.360786] ./build/generated-sources/ap-source-output:\r\n[28.360953] total 0\r\n[28.361002] drwxr-xr-x 2 tmc tmc 40 Aug  7 12:11 .\r\n[28.361048] drwxr-xr-x 3 tmc tmc 60 Aug  7 12:11 ..\r\n[28.361134] \r\n[28.361152] ./build/test:\r\n[28.361364] total 0\r\n[28.361412] drwxr-xr-x 3 tmc tmc  60 Aug  7 12:11 .\r\n[28.361456] drwxr-xr-x 6 tmc tmc 140 Aug  7 12:11 ..\r\n[28.361502] drwxr-xr-x 2 tmc tmc  60 Aug  7 12:11 classes\r\n[28.361575] \r\n[28.361593] ./build/test/classes:\r\n[28.361761] total 4\r\n[28.361807] drwxr-xr-x 2 tmc tmc  60 Aug  7 12:11 .\r\n[28.361853] drwxr-xr-x 3 tmc tmc  60 Aug  7 12:11 ..\r\n[28.361967] -rw-r--r-- 1 tmc tmc 838 Aug  7 12:11 PassingCalculatorTest.class\r\n[28.362040] \r\n[28.362058] ./lib:\r\n[28.362447] total 1924\r\n[28.362497] drwxr-xr-x 3 tmc root    200 Aug  7 12:11 .\r\n[28.362542] drwxr-xr-x 7 tmc root    360 Aug  7 12:11 ..\r\n[28.362591] -rw-r--r-- 1 tmc root 326917 Jul 31 08:12 cglib-nodep-2.2.2.jar\r\n[28.362638] -rw-r--r-- 1 tmc root 111969 Jul 31 08:12 easymock-3.1.jar\r\n[28.362684] -rw-r--r-- 1 tmc root  50881 Jul 31 08:12 edu-test-utils-0.4.2.jar\r\n[28.362729] -rw-r--r-- 1 tmc root 711972 Jul 31 08:12 javassist-3.17.1-GA.jar\r\n[28.362775] -rw-r--r-- 1 tmc root 253160 Jul 31 08:12 junit-4.10.jar\r\n[28.362821] -rw-r--r-- 1 tmc root  36046 Jul 31 08:12 objenesis-1.2.jar\r\n[28.362866] -rw-r--r-- 1 tmc root 468889 Jul 31 08:12 powermock-easymock-1.5-full.jar\r\n[28.362911] drwxr-xr-x 2 tmc root     60 Aug  7 12:11 testrunner\r\n[28.362985] \r\n[28.363002] ./lib/testrunner:\r\n[28.363181] total 504\r\n[28.363229] drwxr-xr-x 2 tmc root     60 Aug  7 12:11 .\r\n[28.363274] drwxr-xr-x 3 tmc root    200 Aug  7 12:11 ..\r\n[28.363321] -rw-r--r-- 1 tmc root 515144 Jul 31 08:12 tmc-junit-runner.jar\r\n[28.363389] \r\n[28.363407] ./nbproject:\r\n[28.363742] total 68\r\n[28.363785] drwxr-xr-x 3 tmc root   140 Aug  7 12:11 .\r\n[28.363831] drwxr-xr-x 7 tmc root   360 Aug  7 12:11 ..\r\n[28.363881] -rw-r--r-- 1 tmc root 55300 Jul 31 08:12 build-impl.xml\r\n[28.363927] -rw-r--r-- 1 tmc root   467 Jul 31 08:12 genfiles.properties\r\n[28.363973] drwxr-xr-x 2 tmc root    60 Aug  7 12:11 private\r\n[28.364018] -rw-r--r-- 1 tmc root  3678 Jul 31 08:12 project.properties\r\n[28.364065] -rw-r--r-- 1 tmc root   516 Jul 31 08:12 project.xml\r\n[28.364140] \r\n[28.364158] ./nbproject/private:\r\n[28.364343] total 4\r\n[28.364406] drwxr-xr-x 2 tmc root  60 Aug  7 12:11 .\r\n[28.364452] drwxr-xr-x 3 tmc root 140 Aug  7 12:11 ..\r\n[28.364498] -rw-r--r-- 1 tmc root  67 Jul 31 08:12 private.properties\r\n[28.364566] \r\n[28.364583] ./src:\r\n[28.364800] total 8\r\n[28.364848] drwxr-xr-x 2 tmc root  80 Aug  7 12:11 .\r\n[28.364896] drwxr-xr-x 7 tmc root 360 Aug  7 12:11 ..\r\n[28.364942] -rw-r--r-- 1 tmc root  36 Aug  7 12:11 PassingCalculator.java\r\n[28.364988] -rw-r--r-- 1 tmc root 291 Jul 31 08:12 Paaohjelma.java\r\n[28.365057] \r\n[28.365082] ./test:\r\n[28.365276] total 4\r\n[28.365325] drwxr-xr-x 2 tmc root  60 Aug  7 12:11 .\r\n[28.365372] drwxr-xr-x 7 tmc root 360 Aug  7 12:11 ..\r\n[28.365419] -rw-r--r-- 1 tmc root 437 Aug  7 12:11 PassingCalculatorTest.java\r\n[28.367345] tmc-run completed successfully\r\n[28.391537] Completed tmc-run. Exit code: 0\r\n[28.574028] Shutting down...\r\n[28.581382] reboot: System halted\n[28.581681] \n"
}
